┌ Info: Starting Eliashberg job
│   config_file = examples/plasmon/plasmon_2d.toml
│   task_type = scan_spectral_function
│   output_dir = results/plasmon_2d_20260413_112553
│   log_file = results/plasmon_2d_20260413_112553/runner.log
└ @ Main /Users/yimingzhang/Developer/theory/Eliashberg/src/Tools/runner.jl:308
┌ Info: Execution resources
│   project = /Users/yimingzhang/Developer/theory/Eliashberg/Project.toml
│   bootstrap_workers = true
│   requested_workers = 31
│   available_workers = 1
│   planned_workers = 31
│   threads_per_process = 1
│   blas_threads = 1
│   restrict = true
└ @ Main /Users/yimingzhang/Developer/theory/Eliashberg/src/Tools/runner.jl:309
┌ Info: Building lattice and noninteracting model from input...
└ @ Main /Users/yimingzhang/Developer/theory/Eliashberg/src/Tools/runner.jl:311
┌ Info: Physical system ready
│   lattice = (dim = 2, lattice_norms = [1.5, 1.5], periodicity = (true, true))
│   kgrid = (type = "KGrid{2}", dim = 2, n_points = 2500, weight_sum = 1.000000000000001)
│   model = (type = "TightBinding", dim = 2, n_hoppings = 4, EF = -0.5)
│   interaction = (type = "BareCoulombInteraction",)
│   field = (type = "DirectChannel",)
└ @ Main /Users/yimingzhang/Developer/theory/Eliashberg/src/Tools/runner.jl:313
┌ Info: Running task
│   summary = (task = "scan spectral function", q_path = (dim = 2, n_points = 151, n_branches = 1, n_nodes = 4, node_labels = ["Γ", "X", "M", "Γ"]), omega_range = (0.0, 5.0), n_omegas = 400, temperature = 0.01, eta = 0.02)
└ @ Main /Users/yimingzhang/Developer/theory/Eliashberg/src/Tools/runner.jl:314
┌ Info: Preparing worker pool...
│   requested_workers = 31
│   current_workers = 1
└ @ Main /Users/yimingzhang/Developer/theory/Eliashberg/src/Tools/runner.jl:320
┌ Info: Loading Eliashberg runtime on workers...
│   worker_count = 30
└ @ Main /Users/yimingzhang/Developer/theory/Eliashberg/src/Tools/runner.jl:334
┌ Info: Job completed successfully
│   wall_time_seconds = 14.317
│   worker_processes = 31
│   result_summary = (data_type = "Matrix{Float64}", array_shape = (151, 400), element_type = "Float64")
│   output_directory = results/plasmon_2d_20260413_112553
│   jld2_output = results/plasmon_2d_20260413_112553/plasmon_scan.jld2
│   hdf5_output = results/plasmon_2d_20260413_112553/plasmon_scan.h5
│   run_log = results/plasmon_2d_20260413_112553/runner.log
│   plot_output = nothing
│   julia_live_heap = 53.68 MiB
│   peak_resident_memory = 945.2 MiB
└ @ Main /Users/yimingzhang/Developer/theory/Eliashberg/src/Tools/runner.jl:407
